---
source: lib/src/validate_registry.rs
expression: json_output
---
{
  "errors": [],
  "hint": ""
}
