---
source: lib/src/parsers/graphql_parser.rs
expression: result
---
File: fixtures/invalid/missing_catch.tsx
GraphQL AST items: 1

=== AST Item 1 ===
Type: Query
Name: GetUserProfileUnprotected
File: fixtures/invalid/missing_catch.tsx
Directives: 0
Selections: 1
    - Field: user
      - Field: id
      - Field: name
      - Field: avatar [ThrowOnFieldError ‚òÑÔ∏è (8:14)]
      - Field: email

---

File: fixtures/invalid/partial_protection.ts
GraphQL AST items: 1

=== AST Item 1 ===
Type: Fragment
Name: ProtectedFragment
File: fixtures/invalid/partial_protection.ts
Directives: 1
  - Catch üß§ (4:38)
Type Condition: on User
Selections: 2
    - Field: sensitiveData [ThrowOnFieldError ‚òÑÔ∏è (5:19)]
    - Field: otherData

---

File: fixtures/invalid/partial_protection.ts
GraphQL AST items: 1

=== AST Item 1 ===
Type: Fragment
Name: UnprotectedFragment
File: fixtures/invalid/partial_protection.ts
Directives: 0
Type Condition: on User
Selections: 2
    - Field: riskyField [ThrowOnFieldError ‚òÑÔ∏è (12:16)]
    - Field: normalField

---

File: fixtures/invalid/partial_protection.ts
GraphQL AST items: 1

=== AST Item 1 ===
Type: Query
Name: MixedQuery
File: fixtures/invalid/partial_protection.ts
Directives: 0
Selections: 1
    - Field: user
      - Field: id
      - FragmentSpread: ProtectedFragment
      - FragmentSpread: UnprotectedFragment

---

File: fixtures/invalid/query_level_throw_with_ignore.ts
GraphQL AST items: 1

=== AST Item 1 ===
Type: Query
Name: queryLevelThrowWithIgnore
File: fixtures/invalid/query_level_throw_with_ignore.ts
Directives: 1
  - ThrowOnFieldError ‚òÑÔ∏è (8:3)
Selections: 1
    - Field: customerOrderProductLineItemsGroupById
      - Field: startWrongDeliveryRegistrationRelativeUrl

---

File: fixtures/invalid/query_level_throw_with_ignore.ts
GraphQL AST items: 1

=== AST Item 1 ===
Type: Query
Name: unprotectedQueryLevelThrow
File: fixtures/invalid/query_level_throw_with_ignore.ts
Directives: 1
  - ThrowOnFieldError ‚òÑÔ∏è (21:3)
Selections: 1
    - Field: user
      - Field: id
      - Field: name
      - Field: email

---

File: fixtures/invalid/query_level_throw_with_ignore.ts
GraphQL AST items: 1

=== AST Item 1 ===
Type: Query
Name: queryLevelThrowWithQueryIgnore
File: fixtures/invalid/query_level_throw_with_ignore.ts
Directives: 1
  - ThrowOnFieldError ‚òÑÔ∏è (34:3)
Selections: 1
    - Field: user
      - Field: id
      - Field: name

---

File: fixtures/invalid/unprotected_nested.ts
GraphQL AST items: 1

=== AST Item 1 ===
Type: Fragment
Name: UserBasicInfoUnprotected
File: fixtures/invalid/unprotected_nested.ts
Directives: 0
Type Condition: on User
Selections: 3
    - Field: id
    - Field: name [ThrowOnFieldError ‚òÑÔ∏è (6:10)]
    - Field: email

---

File: fixtures/invalid/unprotected_nested.ts
GraphQL AST items: 1

=== AST Item 1 ===
Type: Fragment
Name: UserAvatarUnprotected
File: fixtures/invalid/unprotected_nested.ts
Directives: 1
  - ThrowOnFieldError ‚òÑÔ∏è (12:42)
Type Condition: on User
Selections: 2
    - Field: avatar
    - Field: avatarUrl

---

File: fixtures/invalid/unprotected_nested.ts
GraphQL AST items: 1

=== AST Item 1 ===
Type: Fragment
Name: UserDetailsUnprotected
File: fixtures/invalid/unprotected_nested.ts
Directives: 0
Type Condition: on User
Selections: 3
    - FragmentSpread: UserBasicInfoUnprotected
    - FragmentSpread: UserAvatarUnprotected
    - Field: bio

---

File: fixtures/invalid/unprotected_nested.ts
GraphQL AST items: 1

=== AST Item 1 ===
Type: Query
Name: GetFullUserUnprotected
File: fixtures/invalid/unprotected_nested.ts
Directives: 0
Selections: 1
    - Field: user
      - FragmentSpread: UserDetailsUnprotected

---

File: fixtures/invalid/unprotected_required_throw.ts
GraphQL AST items: 1

=== AST Item 1 ===
Type: Query
Name: GetUserUnprotected
File: fixtures/invalid/unprotected_required_throw.ts
Directives: 0
Selections: 1
    - Field: user
      - Field: id
      - Field: name [RequiredThrow ‚òÑÔ∏è (8:12)]
      - Field: email

---

File: fixtures/invalid/unprotected_required_throw.ts
GraphQL AST items: 1

=== AST Item 1 ===
Type: Query
Name: GetUserPartial
File: fixtures/invalid/unprotected_required_throw.ts
Directives: 0
Selections: 2
    - Field: user [Catch üß§ (17:19)]
      - Field: id
      - Field: name [RequiredThrow ‚òÑÔ∏è (19:12)]
      - Field: email
    - Field: otherUser
      - Field: name [RequiredThrow ‚òÑÔ∏è (23:12)]

---

File: fixtures/invalid/unprotected_required_throw.ts
GraphQL AST items: 1

=== AST Item 1 ===
Type: Query
Name: GetUserMixedUnprotected
File: fixtures/invalid/unprotected_required_throw.ts
Directives: 0
Selections: 1
    - Field: user
      - Field: id
      - Field: name [RequiredThrow ‚òÑÔ∏è (33:12)]
      - Field: avatar [ThrowOnFieldError ‚òÑÔ∏è (34:14)]
