---
source: lib/src/parsers/graphql_parser.rs
expression: result
---
File: fixtures/valid/fragment_level_catch.ts
GraphQL AST items: 1

=== AST Item 1 ===
Type: Fragment
Name: RiskyUserData
File: fixtures/valid/fragment_level_catch.ts
Directives: 1
  - Catch üß§
Type Condition: on User
Selections: 3
    - Field: sensitiveInfo [ThrowOnFieldError ‚òÑÔ∏è]
    - Field: backupEmail [ThrowOnFieldError ‚òÑÔ∏è]
    - Field: internalId

---

File: fixtures/valid/fragment_level_catch.ts
GraphQL AST items: 1

=== AST Item 1 ===
Type: Query
Name: GetUserWithRiskyData
File: fixtures/valid/fragment_level_catch.ts
Directives: 1
  - Catch üß§
Selections: 1
    - Field: user
      - Field: id
      - Field: name
      - Field: friends [ThrowOnFieldError ‚òÑÔ∏è]
        - FragmentSpread: RiskyUserData

---

File: fixtures/valid/ignore_comments.ts
GraphQL AST items: 1

=== AST Item 1 ===
Type: Query
Name: GetUserFieldCatch
File: fixtures/valid/ignore_comments.ts
Directives: 0
Selections: 2
    - Field: user
      - Field: id
      - Field: name
    - Field: user
      - Field: avatar

---

File: fixtures/valid/ignore_comments.ts
GraphQL AST items: 1

=== AST Item 1 ===
Type: Query
Name: GetUserFieldIgnoreWithFragment
File: fixtures/valid/ignore_comments.ts
Directives: 0
Selections: 1
    - Field: user
      - FragmentSpread: userFieldsWithIgnore

---

File: fixtures/valid/ignore_comments.ts
GraphQL AST items: 1

=== AST Item 1 ===
Type: Fragment
Name: userFieldsWithIgnore
File: fixtures/valid/ignore_comments.ts
Directives: 0
Type Condition: on User
Selections: 1
    - Field: id
      - Field: name

---

File: fixtures/valid/nested_fragments_protected.ts
GraphQL AST items: 1

=== AST Item 1 ===
Type: Fragment
Name: UserBasicInfo
File: fixtures/valid/nested_fragments_protected.ts
Directives: 0
Type Condition: on User
Selections: 3
    - Field: id
    - Field: name
    - Field: email

---

File: fixtures/valid/nested_fragments_protected.ts
GraphQL AST items: 1

=== AST Item 1 ===
Type: Fragment
Name: avatarImage
File: fixtures/valid/nested_fragments_protected.ts
Directives: 1
  - ThrowOnFieldError ‚òÑÔ∏è
Type Condition: on User
Selections: 2
    - Field: avatar
    - Field: avatarUrl

---

File: fixtures/valid/nested_fragments_protected.ts
GraphQL AST items: 1

=== AST Item 1 ===
Type: Fragment
Name: UserAvatar
File: fixtures/valid/nested_fragments_protected.ts
Directives: 1
  - Catch üß§
Type Condition: on User
Selections: 2
    - Field: avatar
    - FragmentSpread: avatarImage

---

File: fixtures/valid/nested_fragments_protected.ts
GraphQL AST items: 1

=== AST Item 1 ===
Type: Fragment
Name: UserBio
File: fixtures/valid/nested_fragments_protected.ts
Directives: 0
Type Condition: on User
Selections: 2
    - Field: bioText
    - Field: bioImage [ThrowOnFieldError ‚òÑÔ∏è]

---

File: fixtures/valid/nested_fragments_protected.ts
GraphQL AST items: 1

=== AST Item 1 ===
Type: Fragment
Name: UserDetails
File: fixtures/valid/nested_fragments_protected.ts
Directives: 0
Type Condition: on User
Selections: 3
    - FragmentSpread: UserBasicInfo
    - FragmentSpread: UserAvatar
    - Field: details [Catch üß§]
      - Field: bio [ThrowOnFieldError ‚òÑÔ∏è]
        - FragmentSpread: UserBio

---

File: fixtures/valid/nested_fragments_protected.ts
GraphQL AST items: 1

=== AST Item 1 ===
Type: Query
Name: GetFullUser
File: fixtures/valid/nested_fragments_protected.ts
Directives: 0
Selections: 1
    - Field: user
      - FragmentSpread: UserDetails

---

File: fixtures/valid/query_with_catch.tsx
GraphQL AST items: 1

=== AST Item 1 ===
Type: Query
Name: GetUserProfile
File: fixtures/valid/query_with_catch.tsx
Directives: 1
  - Catch üß§
Selections: 1
    - Field: user
      - Field: id
      - Field: name
      - Field: avatar [ThrowOnFieldError ‚òÑÔ∏è]
      - Field: email

---

File: fixtures/valid/required_throw.ts
GraphQL AST items: 1

=== AST Item 1 ===
Type: Query
Name: GetUserBasic
File: fixtures/valid/required_throw.ts
Directives: 1
  - Catch üß§
Selections: 1
    - Field: user
      - Field: id
      - Field: name [RequiredThrow ‚òÑÔ∏è]
      - Field: email [RequiredThrow ‚òÑÔ∏è]

---

File: fixtures/valid/required_throw.ts
GraphQL AST items: 1

=== AST Item 1 ===
Type: Query
Name: GetUserProfileFieldCatch
File: fixtures/valid/required_throw.ts
Directives: 0
Selections: 1
    - Field: user [Catch üß§]
      - Field: id
      - Field: name [RequiredThrow ‚òÑÔ∏è]
      - Field: avatar [RequiredThrow ‚òÑÔ∏è]
      - Field: bio

---

File: fixtures/valid/required_throw.ts
GraphQL AST items: 1

=== AST Item 1 ===
Type: Query
Name: GetUserMixed
File: fixtures/valid/required_throw.ts
Directives: 1
  - Catch üß§
Selections: 1
    - Field: user
      - Field: id
      - Field: name [RequiredThrow ‚òÑÔ∏è]
      - Field: avatar [ThrowOnFieldError ‚òÑÔ∏è]
      - Field: email [RequiredThrow ‚òÑÔ∏è]

---

File: fixtures/valid/required_throw.ts
GraphQL AST items: 1

=== AST Item 1 ===
Type: Query
Name: GetUserNested
File: fixtures/valid/required_throw.ts
Directives: 0
Selections: 1
    - Field: user
      - Field: id
      - Field: profile [Catch üß§]
        - Field: displayName [RequiredThrow ‚òÑÔ∏è]
        - Field: bio [RequiredThrow ‚òÑÔ∏è]
        - Field: avatar
          - Field: url [ThrowOnFieldError ‚òÑÔ∏è]
