---
source: lib/src/extraction/graphql_parser.rs
expression: result
---
File: fixtures/invalid/missing_catch.tsx
GraphQL AST items: 1

=== AST Item 1 ===
Type: Query
Name: GetUserProfileUnprotected
File: fixtures/invalid/missing_catch.tsx
Directives: 0
Fields: 1
  - user
Fragment Spreads: 0

---

File: fixtures/invalid/partial_protection.ts
GraphQL AST items: 1

=== AST Item 1 ===
Type: Fragment
Name: ProtectedFragment
File: fixtures/invalid/partial_protection.ts
Directives: 1
  - Catch üß§
Fields: 2
  - sensitiveData [ThrowOnFieldError ‚òÑÔ∏è]
  - otherData
Fragment Spreads: 0

---

File: fixtures/invalid/partial_protection.ts
GraphQL AST items: 1

=== AST Item 1 ===
Type: Fragment
Name: UnprotectedFragment
File: fixtures/invalid/partial_protection.ts
Directives: 0
Fields: 2
  - riskyField [ThrowOnFieldError ‚òÑÔ∏è]
  - normalField
Fragment Spreads: 0

---

File: fixtures/invalid/partial_protection.ts
GraphQL AST items: 1

=== AST Item 1 ===
Type: Query
Name: MixedQuery
File: fixtures/invalid/partial_protection.ts
Directives: 0
Fields: 1
  - user
Fragment Spreads: 2
  - ProtectedFragment
  - UnprotectedFragment

---

File: fixtures/invalid/unprotected_nested.ts
GraphQL AST items: 1

=== AST Item 1 ===
Type: Fragment
Name: UserBasicInfoUnprotected
File: fixtures/invalid/unprotected_nested.ts
Directives: 0
Fields: 3
  - id
  - name
  - email
Fragment Spreads: 0

---

File: fixtures/invalid/unprotected_nested.ts
GraphQL AST items: 1

=== AST Item 1 ===
Type: Fragment
Name: UserAvatarUnprotected
File: fixtures/invalid/unprotected_nested.ts
Directives: 1
  - ThrowOnFieldError ‚òÑÔ∏è
Fields: 2
  - avatar
  - avatarUrl
Fragment Spreads: 0

---

File: fixtures/invalid/unprotected_nested.ts
GraphQL AST items: 1

=== AST Item 1 ===
Type: Fragment
Name: UserDetailsUnprotected
File: fixtures/invalid/unprotected_nested.ts
Directives: 0
Fields: 1
  - bio
Fragment Spreads: 2
  - UserBasicInfoUnprotected
  - UserAvatarUnprotected

---

File: fixtures/invalid/unprotected_nested.ts
GraphQL AST items: 1

=== AST Item 1 ===
Type: Query
Name: GetFullUserUnprotected
File: fixtures/invalid/unprotected_nested.ts
Directives: 0
Fields: 1
  - user
Fragment Spreads: 1
  - UserDetailsUnprotected
