---
source: lib/src/extraction/registry.rs
expression: formatted
---
GraphQL Registry
â”œâ”€â”€ Queries (6)
|   â”œâ”€â”€ AdditionalQueryEdgeCase (fixtures/edge_cases/additional-queries.ts)
|   |   â””â”€â”€ Fields:
|   |       â””â”€â”€ user
|   â”œâ”€â”€ BaseQueryDynamic (fixtures/edge_cases/dynamic_imports.tsx)
|   |   â”œâ”€â”€ Directives:
|   |   |   â””â”€â”€ Catch ðŸ§¤
|   |   â””â”€â”€ Fields:
|   |       â””â”€â”€ user
|   â”œâ”€â”€ CircularQueryTest (fixtures/edge_cases/circular_fragments.ts)
|   |   â”œâ”€â”€ Fields:
|   |   |   â””â”€â”€ user
|   |   â””â”€â”€ Fragment Spreads:
|   |       â””â”€â”€ FragmentACircular
|   â”œâ”€â”€ GraphQLQuery (fixtures/edge_cases/additional-queries.ts)
|   |   â”œâ”€â”€ Directives:
|   |   |   â””â”€â”€ Catch ðŸ§¤
|   |   â””â”€â”€ Fields:
|   |       â””â”€â”€ user
|   â”œâ”€â”€ StaticDynamicQueryEdge (fixtures/edge_cases/dynamic_imports.tsx)
|   |   â””â”€â”€ Fields:
|   |       â””â”€â”€ user
|   â””â”€â”€ ValidQueryCommented (fixtures/edge_cases/commented_graphql.ts)
|       â”œâ”€â”€ Directives:
|       |   â””â”€â”€ Catch ðŸ§¤
|       â””â”€â”€ Fields:
|           â””â”€â”€ user
â””â”€â”€ Fragments (2)
    â”œâ”€â”€ FragmentACircular (fixtures/edge_cases/circular_fragments.ts)
    |   â”œâ”€â”€ Fields:
    |   |   â”œâ”€â”€ id
    |   |   â””â”€â”€ name
    |   â””â”€â”€ Fragment Spreads:
    |       â””â”€â”€ FragmentBCircular
    â””â”€â”€ FragmentBCircular (fixtures/edge_cases/circular_fragments.ts)
        â”œâ”€â”€ Fields:
        |   â”œâ”€â”€ email
        |   â””â”€â”€ bio
        â””â”€â”€ Fragment Spreads:
            â””â”€â”€ FragmentACircular
