---
source: lib/src/extraction/registry_to_graph.rs
expression: formatted
---
Dependency Graph
├── GetFullUserUnprotected (fixtures/invalid/unprotected_nested.ts)
|   ├── Fields:
|   |   └── user
|   └── Fragment Tree:
|       └── UserDetailsUnprotected (fixtures/invalid/unprotected_nested.ts)
|           ├── Fields:
|           |   └── bio
|           └── Children:
|               ├── UserAvatarUnprotected (fixtures/invalid/unprotected_nested.ts) [ThrowOnFieldError ⚠️]
|               |   └── Fields:
|               |       ├── avatar
|               |       └── avatarUrl
|               └── UserBasicInfoUnprotected (fixtures/invalid/unprotected_nested.ts)
|                   └── Fields:
|                       ├── id
|                       ├── name
|                       └── email
├── GetUserProfileUnprotected (fixtures/invalid/missing_catch.tsx)
|   └── Fields:
|       └── user
└── MixedQuery (fixtures/invalid/partial_protection.ts)
    ├── Fields:
    |   └── user
    └── Fragment Tree:
        ├── ProtectedFragment (fixtures/invalid/partial_protection.ts) [Catch 🧤]
        |   └── Fields:
        |       ├── sensitiveData [ThrowOnFieldError ⚠️]
        |       └── otherData
        └── UnprotectedFragment (fixtures/invalid/partial_protection.ts)
            └── Fields:
                ├── riskyField [ThrowOnFieldError ⚠️]
                └── normalField
